// Jest Snapshot v1, https://goo.gl/fbAQLP

exports[`should match snapshot 1`] = `
Object {
  "asFragment": [Function],
  "baseElement": <body>
    <div>
      <div
        class="container-fluid MuiBox-root css-0"
      >
        <nav
          aria-label="breadcrumb"
          class="MuiTypography-root MuiTypography-body1 MuiBreadcrumbs-root makeStyles-breadcrumbs-1 css-63vwl1-MuiTypography-root-MuiBreadcrumbs-root"
        >
          <ol
            class="MuiBreadcrumbs-ol css-4pdmu4-MuiBreadcrumbs-ol"
          >
            <li
              class="MuiBreadcrumbs-li"
            >
              <a
                class="MuiTypography-root MuiTypography-body1 css-ahj2mt-MuiTypography-root"
                href="/new-ui/"
              >
                Top
              </a>
            </li>
            <li
              aria-hidden="true"
              class="MuiBreadcrumbs-separator css-1wuw8dw-MuiBreadcrumbs-separator"
            >
              /
            </li>
            <li
              class="MuiBreadcrumbs-li"
            >
              <p
                class="MuiTypography-root MuiTypography-body1 css-1gqyz35-MuiTypography-root"
              >
                ACL
              </p>
            </li>
          </ol>
        </nav>
        <p
          class="MuiTypography-root MuiTypography-body1 css-ahj2mt-MuiTypography-root"
        >
          acl1
           の ACL 設定
        </p>
        <form>
          <div
            class="container MuiBox-root css-0"
          >
            <div
              class="row MuiBox-root css-0"
            >
              <div
                class="col MuiBox-root css-0"
              >
                <span
                  class="float-left"
                >
                  公開：
                  <span
                    class="MuiCheckbox-root MuiCheckbox-colorPrimary MuiButtonBase-root MuiCheckbox-root MuiCheckbox-colorPrimary PrivateSwitchBase-root css-12wnr2w-MuiButtonBase-root-MuiCheckbox-root"
                  >
                    <input
                      class="PrivateSwitchBase-input css-1m9pwf3"
                      data-indeterminate="false"
                      type="checkbox"
                    />
                    <svg
                      aria-hidden="true"
                      class="MuiSvgIcon-root MuiSvgIcon-fontSizeMedium css-i4bv87-MuiSvgIcon-root"
                      data-testid="CheckBoxOutlineBlankIcon"
                      focusable="false"
                      viewBox="0 0 24 24"
                    >
                      <path
                        d="M19 5v14H5V5h14m0-2H5c-1.1 0-2 .9-2 2v14c0 1.1.9 2 2 2h14c1.1 0 2-.9 2-2V5c0-1.1-.9-2-2-2z"
                      />
                    </svg>
                    <span
                      class="MuiTouchRipple-root css-8je8zh-MuiTouchRipple-root"
                    />
                  </span>
                </span>
                <span
                  class="float-right"
                >
                  <button
                    class="MuiButton-root MuiButton-contained MuiButton-containedSecondary MuiButton-sizeMedium MuiButton-containedSizeMedium MuiButtonBase-root makeStyles-button-4 css-zcbmsk-MuiButtonBase-root-MuiButton-root"
                    tabindex="0"
                    type="button"
                  >
                    保存
                    <span
                      class="MuiTouchRipple-root css-8je8zh-MuiTouchRipple-root"
                    />
                  </button>
                </span>
              </div>
            </div>
          </div>
          <div
            class="MuiPaper-root MuiPaper-elevation MuiPaper-rounded MuiPaper-elevation1 MuiTableContainer-root css-11xur9t-MuiPaper-root-MuiTableContainer-root"
          >
            <table
              class="MuiTable-root css-rqglhn-MuiTable-root"
            >
              <thead
                class="MuiTableHead-root css-15wwp11-MuiTableHead-root"
              >
                <tr
                  class="MuiTableRow-root MuiTableRow-head css-1q1u3t4-MuiTableRow-root"
                >
                  <th
                    class="MuiTableCell-root MuiTableCell-head MuiTableCell-sizeMedium css-1ygcj2i-MuiTableCell-root"
                    scope="col"
                  >
                    <p
                      class="MuiTypography-root MuiTypography-body1 css-ahj2mt-MuiTypography-root"
                    >
                      ユーザ or グループ
                    </p>
                  </th>
                  <th
                    class="MuiTableCell-root MuiTableCell-head MuiTableCell-alignLeft MuiTableCell-sizeMedium css-1ygcj2i-MuiTableCell-root"
                    scope="col"
                  >
                    <p
                      class="MuiTypography-root MuiTypography-body1 css-ahj2mt-MuiTypography-root"
                    >
                      権限
                    </p>
                  </th>
                </tr>
              </thead>
              <tbody
                class="MuiTableBody-root css-apqrd9-MuiTableBody-root"
              >
                <tr
                  class="MuiTableRow-root css-1q1u3t4-MuiTableRow-root"
                >
                  <td
                    class="MuiTableCell-root MuiTableCell-body MuiTableCell-sizeMedium css-1ex1afd-MuiTableCell-root"
                  >
                    <p
                      class="MuiTypography-root MuiTypography-body1 css-ahj2mt-MuiTypography-root"
                    >
                      member1
                    </p>
                  </td>
                  <td
                    class="MuiTableCell-root MuiTableCell-body MuiTableCell-alignLeft MuiTableCell-sizeMedium css-1ex1afd-MuiTableCell-root"
                  >
                    <div
                      class="MuiOutlinedInput-root MuiInputBase-root MuiInputBase-colorPrimary css-9ddj71-MuiInputBase-root-MuiOutlinedInput-root"
                    >
                      <div
                        aria-expanded="false"
                        aria-haspopup="listbox"
                        class="MuiSelect-select MuiSelect-outlined MuiOutlinedInput-input MuiInputBase-input css-11u53oe-MuiSelect-select-MuiInputBase-input-MuiOutlinedInput-input"
                        role="button"
                        tabindex="0"
                      >
                        type1
                      </div>
                      <input
                        aria-hidden="true"
                        class="MuiSelect-nativeInput css-yf8vq0-MuiSelect-nativeInput"
                        tabindex="-1"
                        value="1"
                      />
                      <svg
                        aria-hidden="true"
                        class="MuiSvgIcon-root MuiSvgIcon-fontSizeMedium MuiSelect-icon MuiSelect-iconOutlined css-hfutr2-MuiSvgIcon-root-MuiSelect-icon"
                        data-testid="ArrowDropDownIcon"
                        focusable="false"
                        viewBox="0 0 24 24"
                      >
                        <path
                          d="M7 10l5 5 5-5z"
                        />
                      </svg>
                      <fieldset
                        aria-hidden="true"
                        class="MuiOutlinedInput-notchedOutline css-1d3z3hw-MuiOutlinedInput-notchedOutline"
                      >
                        <legend
                          class="css-nnbavb"
                        >
                          <span
                            class="notranslate"
                          >
                            ​
                          </span>
                        </legend>
                      </fieldset>
                    </div>
                  </td>
                </tr>
              </tbody>
            </table>
          </div>
        </form>
      </div>
    </div>
  </body>,
  "container": <div>
    <div
      class="container-fluid MuiBox-root css-0"
    >
      <nav
        aria-label="breadcrumb"
        class="MuiTypography-root MuiTypography-body1 MuiBreadcrumbs-root makeStyles-breadcrumbs-1 css-63vwl1-MuiTypography-root-MuiBreadcrumbs-root"
      >
        <ol
          class="MuiBreadcrumbs-ol css-4pdmu4-MuiBreadcrumbs-ol"
        >
          <li
            class="MuiBreadcrumbs-li"
          >
            <a
              class="MuiTypography-root MuiTypography-body1 css-ahj2mt-MuiTypography-root"
              href="/new-ui/"
            >
              Top
            </a>
          </li>
          <li
            aria-hidden="true"
            class="MuiBreadcrumbs-separator css-1wuw8dw-MuiBreadcrumbs-separator"
          >
            /
          </li>
          <li
            class="MuiBreadcrumbs-li"
          >
            <p
              class="MuiTypography-root MuiTypography-body1 css-1gqyz35-MuiTypography-root"
            >
              ACL
            </p>
          </li>
        </ol>
      </nav>
      <p
        class="MuiTypography-root MuiTypography-body1 css-ahj2mt-MuiTypography-root"
      >
        acl1
         の ACL 設定
      </p>
      <form>
        <div
          class="container MuiBox-root css-0"
        >
          <div
            class="row MuiBox-root css-0"
          >
            <div
              class="col MuiBox-root css-0"
            >
              <span
                class="float-left"
              >
                公開：
                <span
                  class="MuiCheckbox-root MuiCheckbox-colorPrimary MuiButtonBase-root MuiCheckbox-root MuiCheckbox-colorPrimary PrivateSwitchBase-root css-12wnr2w-MuiButtonBase-root-MuiCheckbox-root"
                >
                  <input
                    class="PrivateSwitchBase-input css-1m9pwf3"
                    data-indeterminate="false"
                    type="checkbox"
                  />
                  <svg
                    aria-hidden="true"
                    class="MuiSvgIcon-root MuiSvgIcon-fontSizeMedium css-i4bv87-MuiSvgIcon-root"
                    data-testid="CheckBoxOutlineBlankIcon"
                    focusable="false"
                    viewBox="0 0 24 24"
                  >
                    <path
                      d="M19 5v14H5V5h14m0-2H5c-1.1 0-2 .9-2 2v14c0 1.1.9 2 2 2h14c1.1 0 2-.9 2-2V5c0-1.1-.9-2-2-2z"
                    />
                  </svg>
                  <span
                    class="MuiTouchRipple-root css-8je8zh-MuiTouchRipple-root"
                  />
                </span>
              </span>
              <span
                class="float-right"
              >
                <button
                  class="MuiButton-root MuiButton-contained MuiButton-containedSecondary MuiButton-sizeMedium MuiButton-containedSizeMedium MuiButtonBase-root makeStyles-button-4 css-zcbmsk-MuiButtonBase-root-MuiButton-root"
                  tabindex="0"
                  type="button"
                >
                  保存
                  <span
                    class="MuiTouchRipple-root css-8je8zh-MuiTouchRipple-root"
                  />
                </button>
              </span>
            </div>
          </div>
        </div>
        <div
          class="MuiPaper-root MuiPaper-elevation MuiPaper-rounded MuiPaper-elevation1 MuiTableContainer-root css-11xur9t-MuiPaper-root-MuiTableContainer-root"
        >
          <table
            class="MuiTable-root css-rqglhn-MuiTable-root"
          >
            <thead
              class="MuiTableHead-root css-15wwp11-MuiTableHead-root"
            >
              <tr
                class="MuiTableRow-root MuiTableRow-head css-1q1u3t4-MuiTableRow-root"
              >
                <th
                  class="MuiTableCell-root MuiTableCell-head MuiTableCell-sizeMedium css-1ygcj2i-MuiTableCell-root"
                  scope="col"
                >
                  <p
                    class="MuiTypography-root MuiTypography-body1 css-ahj2mt-MuiTypography-root"
                  >
                    ユーザ or グループ
                  </p>
                </th>
                <th
                  class="MuiTableCell-root MuiTableCell-head MuiTableCell-alignLeft MuiTableCell-sizeMedium css-1ygcj2i-MuiTableCell-root"
                  scope="col"
                >
                  <p
                    class="MuiTypography-root MuiTypography-body1 css-ahj2mt-MuiTypography-root"
                  >
                    権限
                  </p>
                </th>
              </tr>
            </thead>
            <tbody
              class="MuiTableBody-root css-apqrd9-MuiTableBody-root"
            >
              <tr
                class="MuiTableRow-root css-1q1u3t4-MuiTableRow-root"
              >
                <td
                  class="MuiTableCell-root MuiTableCell-body MuiTableCell-sizeMedium css-1ex1afd-MuiTableCell-root"
                >
                  <p
                    class="MuiTypography-root MuiTypography-body1 css-ahj2mt-MuiTypography-root"
                  >
                    member1
                  </p>
                </td>
                <td
                  class="MuiTableCell-root MuiTableCell-body MuiTableCell-alignLeft MuiTableCell-sizeMedium css-1ex1afd-MuiTableCell-root"
                >
                  <div
                    class="MuiOutlinedInput-root MuiInputBase-root MuiInputBase-colorPrimary css-9ddj71-MuiInputBase-root-MuiOutlinedInput-root"
                  >
                    <div
                      aria-expanded="false"
                      aria-haspopup="listbox"
                      class="MuiSelect-select MuiSelect-outlined MuiOutlinedInput-input MuiInputBase-input css-11u53oe-MuiSelect-select-MuiInputBase-input-MuiOutlinedInput-input"
                      role="button"
                      tabindex="0"
                    >
                      type1
                    </div>
                    <input
                      aria-hidden="true"
                      class="MuiSelect-nativeInput css-yf8vq0-MuiSelect-nativeInput"
                      tabindex="-1"
                      value="1"
                    />
                    <svg
                      aria-hidden="true"
                      class="MuiSvgIcon-root MuiSvgIcon-fontSizeMedium MuiSelect-icon MuiSelect-iconOutlined css-hfutr2-MuiSvgIcon-root-MuiSelect-icon"
                      data-testid="ArrowDropDownIcon"
                      focusable="false"
                      viewBox="0 0 24 24"
                    >
                      <path
                        d="M7 10l5 5 5-5z"
                      />
                    </svg>
                    <fieldset
                      aria-hidden="true"
                      class="MuiOutlinedInput-notchedOutline css-1d3z3hw-MuiOutlinedInput-notchedOutline"
                    >
                      <legend
                        class="css-nnbavb"
                      >
                        <span
                          class="notranslate"
                        >
                          ​
                        </span>
                      </legend>
                    </fieldset>
                  </div>
                </td>
              </tr>
            </tbody>
          </table>
        </div>
      </form>
    </div>
  </div>,
  "debug": [Function],
  "findAllByAltText": [Function],
  "findAllByDisplayValue": [Function],
  "findAllByLabelText": [Function],
  "findAllByPlaceholderText": [Function],
  "findAllByRole": [Function],
  "findAllByTestId": [Function],
  "findAllByText": [Function],
  "findAllByTitle": [Function],
  "findByAltText": [Function],
  "findByDisplayValue": [Function],
  "findByLabelText": [Function],
  "findByPlaceholderText": [Function],
  "findByRole": [Function],
  "findByTestId": [Function],
  "findByText": [Function],
  "findByTitle": [Function],
  "getAllByAltText": [Function],
  "getAllByDisplayValue": [Function],
  "getAllByLabelText": [Function],
  "getAllByPlaceholderText": [Function],
  "getAllByRole": [Function],
  "getAllByTestId": [Function],
  "getAllByText": [Function],
  "getAllByTitle": [Function],
  "getByAltText": [Function],
  "getByDisplayValue": [Function],
  "getByLabelText": [Function],
  "getByPlaceholderText": [Function],
  "getByRole": [Function],
  "getByTestId": [Function],
  "getByText": [Function],
  "getByTitle": [Function],
  "queryAllByAltText": [Function],
  "queryAllByDisplayValue": [Function],
  "queryAllByLabelText": [Function],
  "queryAllByPlaceholderText": [Function],
  "queryAllByRole": [Function],
  "queryAllByTestId": [Function],
  "queryAllByText": [Function],
  "queryAllByTitle": [Function],
  "queryByAltText": [Function],
  "queryByDisplayValue": [Function],
  "queryByLabelText": [Function],
  "queryByPlaceholderText": [Function],
  "queryByRole": [Function],
  "queryByTestId": [Function],
  "queryByText": [Function],
  "queryByTitle": [Function],
  "rerender": [Function],
  "unmount": [Function],
}
`;
