// Jest Snapshot v1, https://goo.gl/fbAQLP

exports[`should match snapshot 1`] = `
Object {
  "asFragment": [Function],
  "baseElement": <body>
    <div>
      <div
        class="container MuiBox-root css-0"
      >
        <nav
          aria-label="breadcrumb"
          class="MuiTypography-root MuiTypography-body1 MuiBreadcrumbs-root makeStyles-breadcrumbs-1 css-63vwl1-MuiTypography-root-MuiBreadcrumbs-root"
        >
          <ol
            class="MuiBreadcrumbs-ol css-4pdmu4-MuiBreadcrumbs-ol"
          >
            <li
              class="MuiBreadcrumbs-li"
            >
              <a
                class="MuiTypography-root MuiTypography-body1 css-ahj2mt-MuiTypography-root"
                href="/new-ui/"
              >
                Top
              </a>
            </li>
            <li
              aria-hidden="true"
              class="MuiBreadcrumbs-separator css-1wuw8dw-MuiBreadcrumbs-separator"
            >
              /
            </li>
            <li
              class="MuiBreadcrumbs-li"
            >
              <a
                class="MuiTypography-root MuiTypography-body1 css-ahj2mt-MuiTypography-root"
                href="/new-ui/entities"
              >
                エンティティ一覧
              </a>
            </li>
            <li
              aria-hidden="true"
              class="MuiBreadcrumbs-separator css-1wuw8dw-MuiBreadcrumbs-separator"
            >
              /
            </li>
            <li
              class="MuiBreadcrumbs-li"
            >
              <p
                class="MuiTypography-root MuiTypography-body1 css-1gqyz35-MuiTypography-root"
              >
                変更履歴
              </p>
            </li>
          </ol>
        </nav>
        <table
          class="MuiTable-root table css-rqglhn-MuiTable-root"
        >
          <thead
            class="MuiTableHead-root css-15wwp11-MuiTableHead-root"
          >
            <tr
              class="MuiTableRow-root MuiTableRow-head css-1q1u3t4-MuiTableRow-root"
            >
              <th
                class="MuiTableCell-root MuiTableCell-head MuiTableCell-sizeMedium css-1ygcj2i-MuiTableCell-root"
                scope="col"
              >
                Operator
              </th>
              <th
                class="MuiTableCell-root MuiTableCell-head MuiTableCell-sizeMedium css-1ygcj2i-MuiTableCell-root"
                scope="col"
              >
                Operation
              </th>
              <th
                class="MuiTableCell-root MuiTableCell-head MuiTableCell-sizeMedium css-1ygcj2i-MuiTableCell-root"
                scope="col"
              >
                Details
              </th>
              <th
                class="MuiTableCell-root MuiTableCell-head MuiTableCell-sizeMedium css-1ygcj2i-MuiTableCell-root"
                scope="col"
              >
                Time
              </th>
            </tr>
          </thead>
          <tbody
            class="MuiTableBody-root css-apqrd9-MuiTableBody-root"
          >
            <tr
              class="MuiTableRow-root css-1q1u3t4-MuiTableRow-root"
            >
              <td
                class="MuiTableCell-root MuiTableCell-body MuiTableCell-sizeMedium css-1ex1afd-MuiTableCell-root"
              >
                aaa
              </td>
              <td
                class="MuiTableCell-root MuiTableCell-body MuiTableCell-sizeMedium css-1ex1afd-MuiTableCell-root"
              >
                <p
                  class="MuiTypography-root MuiTypography-body1 css-ahj2mt-MuiTypography-root"
                >
                  1
                   (
                  9
                  )
                </p>
              </td>
              <td
                class="MuiTableCell-root MuiTableCell-body MuiTableCell-sizeMedium css-1ex1afd-MuiTableCell-root"
              >
                <table
                  class="MuiTable-root css-rqglhn-MuiTable-root"
                >
                  <tbody
                    class="MuiTableBody-root css-apqrd9-MuiTableBody-root"
                  >
                    <tr
                      class="MuiTableRow-root css-1q1u3t4-MuiTableRow-root"
                    >
                      <td
                        class="MuiTableCell-root MuiTableCell-body MuiTableCell-sizeMedium css-1ex1afd-MuiTableCell-root"
                      >
                        <p
                          class="MuiTypography-root MuiTypography-body1 css-ahj2mt-MuiTypography-root"
                        />
                      </td>
                      <td
                        class="MuiTableCell-root MuiTableCell-body MuiTableCell-sizeMedium css-1ex1afd-MuiTableCell-root"
                      >
                        aaa
                      </td>
                      <td
                        class="MuiTableCell-root MuiTableCell-body MuiTableCell-sizeMedium css-1ex1afd-MuiTableCell-root"
                      >
                        aaa
                      </td>
                    </tr>
                  </tbody>
                </table>
              </td>
              <td
                class="MuiTableCell-root MuiTableCell-body MuiTableCell-sizeMedium css-1ex1afd-MuiTableCell-root"
              >
                2022-01-01 00:00:00
              </td>
            </tr>
            <tr
              class="MuiTableRow-root css-1q1u3t4-MuiTableRow-root"
            >
              <td
                class="MuiTableCell-root MuiTableCell-body MuiTableCell-sizeMedium css-1ex1afd-MuiTableCell-root"
              >
                bbb
              </td>
              <td
                class="MuiTableCell-root MuiTableCell-body MuiTableCell-sizeMedium css-1ex1afd-MuiTableCell-root"
              >
                <p
                  class="MuiTypography-root MuiTypography-body1 css-ahj2mt-MuiTypography-root"
                >
                  2
                   (
                  9
                  )
                </p>
              </td>
              <td
                class="MuiTableCell-root MuiTableCell-body MuiTableCell-sizeMedium css-1ex1afd-MuiTableCell-root"
              >
                <table
                  class="MuiTable-root css-rqglhn-MuiTable-root"
                >
                  <tbody
                    class="MuiTableBody-root css-apqrd9-MuiTableBody-root"
                  >
                    <tr
                      class="MuiTableRow-root css-1q1u3t4-MuiTableRow-root"
                    >
                      <td
                        class="MuiTableCell-root MuiTableCell-body MuiTableCell-sizeMedium css-1ex1afd-MuiTableCell-root"
                      >
                        <p
                          class="MuiTypography-root MuiTypography-body1 css-ahj2mt-MuiTypography-root"
                        />
                      </td>
                      <td
                        class="MuiTableCell-root MuiTableCell-body MuiTableCell-sizeMedium css-1ex1afd-MuiTableCell-root"
                      >
                        bbb
                      </td>
                      <td
                        class="MuiTableCell-root MuiTableCell-body MuiTableCell-sizeMedium css-1ex1afd-MuiTableCell-root"
                      >
                        bbb
                      </td>
                    </tr>
                  </tbody>
                </table>
              </td>
              <td
                class="MuiTableCell-root MuiTableCell-body MuiTableCell-sizeMedium css-1ex1afd-MuiTableCell-root"
              >
                2022-01-01 00:00:00
              </td>
            </tr>
          </tbody>
        </table>
      </div>
    </div>
  </body>,
  "container": <div>
    <div
      class="container MuiBox-root css-0"
    >
      <nav
        aria-label="breadcrumb"
        class="MuiTypography-root MuiTypography-body1 MuiBreadcrumbs-root makeStyles-breadcrumbs-1 css-63vwl1-MuiTypography-root-MuiBreadcrumbs-root"
      >
        <ol
          class="MuiBreadcrumbs-ol css-4pdmu4-MuiBreadcrumbs-ol"
        >
          <li
            class="MuiBreadcrumbs-li"
          >
            <a
              class="MuiTypography-root MuiTypography-body1 css-ahj2mt-MuiTypography-root"
              href="/new-ui/"
            >
              Top
            </a>
          </li>
          <li
            aria-hidden="true"
            class="MuiBreadcrumbs-separator css-1wuw8dw-MuiBreadcrumbs-separator"
          >
            /
          </li>
          <li
            class="MuiBreadcrumbs-li"
          >
            <a
              class="MuiTypography-root MuiTypography-body1 css-ahj2mt-MuiTypography-root"
              href="/new-ui/entities"
            >
              エンティティ一覧
            </a>
          </li>
          <li
            aria-hidden="true"
            class="MuiBreadcrumbs-separator css-1wuw8dw-MuiBreadcrumbs-separator"
          >
            /
          </li>
          <li
            class="MuiBreadcrumbs-li"
          >
            <p
              class="MuiTypography-root MuiTypography-body1 css-1gqyz35-MuiTypography-root"
            >
              変更履歴
            </p>
          </li>
        </ol>
      </nav>
      <table
        class="MuiTable-root table css-rqglhn-MuiTable-root"
      >
        <thead
          class="MuiTableHead-root css-15wwp11-MuiTableHead-root"
        >
          <tr
            class="MuiTableRow-root MuiTableRow-head css-1q1u3t4-MuiTableRow-root"
          >
            <th
              class="MuiTableCell-root MuiTableCell-head MuiTableCell-sizeMedium css-1ygcj2i-MuiTableCell-root"
              scope="col"
            >
              Operator
            </th>
            <th
              class="MuiTableCell-root MuiTableCell-head MuiTableCell-sizeMedium css-1ygcj2i-MuiTableCell-root"
              scope="col"
            >
              Operation
            </th>
            <th
              class="MuiTableCell-root MuiTableCell-head MuiTableCell-sizeMedium css-1ygcj2i-MuiTableCell-root"
              scope="col"
            >
              Details
            </th>
            <th
              class="MuiTableCell-root MuiTableCell-head MuiTableCell-sizeMedium css-1ygcj2i-MuiTableCell-root"
              scope="col"
            >
              Time
            </th>
          </tr>
        </thead>
        <tbody
          class="MuiTableBody-root css-apqrd9-MuiTableBody-root"
        >
          <tr
            class="MuiTableRow-root css-1q1u3t4-MuiTableRow-root"
          >
            <td
              class="MuiTableCell-root MuiTableCell-body MuiTableCell-sizeMedium css-1ex1afd-MuiTableCell-root"
            >
              aaa
            </td>
            <td
              class="MuiTableCell-root MuiTableCell-body MuiTableCell-sizeMedium css-1ex1afd-MuiTableCell-root"
            >
              <p
                class="MuiTypography-root MuiTypography-body1 css-ahj2mt-MuiTypography-root"
              >
                1
                 (
                9
                )
              </p>
            </td>
            <td
              class="MuiTableCell-root MuiTableCell-body MuiTableCell-sizeMedium css-1ex1afd-MuiTableCell-root"
            >
              <table
                class="MuiTable-root css-rqglhn-MuiTable-root"
              >
                <tbody
                  class="MuiTableBody-root css-apqrd9-MuiTableBody-root"
                >
                  <tr
                    class="MuiTableRow-root css-1q1u3t4-MuiTableRow-root"
                  >
                    <td
                      class="MuiTableCell-root MuiTableCell-body MuiTableCell-sizeMedium css-1ex1afd-MuiTableCell-root"
                    >
                      <p
                        class="MuiTypography-root MuiTypography-body1 css-ahj2mt-MuiTypography-root"
                      />
                    </td>
                    <td
                      class="MuiTableCell-root MuiTableCell-body MuiTableCell-sizeMedium css-1ex1afd-MuiTableCell-root"
                    >
                      aaa
                    </td>
                    <td
                      class="MuiTableCell-root MuiTableCell-body MuiTableCell-sizeMedium css-1ex1afd-MuiTableCell-root"
                    >
                      aaa
                    </td>
                  </tr>
                </tbody>
              </table>
            </td>
            <td
              class="MuiTableCell-root MuiTableCell-body MuiTableCell-sizeMedium css-1ex1afd-MuiTableCell-root"
            >
              2022-01-01 00:00:00
            </td>
          </tr>
          <tr
            class="MuiTableRow-root css-1q1u3t4-MuiTableRow-root"
          >
            <td
              class="MuiTableCell-root MuiTableCell-body MuiTableCell-sizeMedium css-1ex1afd-MuiTableCell-root"
            >
              bbb
            </td>
            <td
              class="MuiTableCell-root MuiTableCell-body MuiTableCell-sizeMedium css-1ex1afd-MuiTableCell-root"
            >
              <p
                class="MuiTypography-root MuiTypography-body1 css-ahj2mt-MuiTypography-root"
              >
                2
                 (
                9
                )
              </p>
            </td>
            <td
              class="MuiTableCell-root MuiTableCell-body MuiTableCell-sizeMedium css-1ex1afd-MuiTableCell-root"
            >
              <table
                class="MuiTable-root css-rqglhn-MuiTable-root"
              >
                <tbody
                  class="MuiTableBody-root css-apqrd9-MuiTableBody-root"
                >
                  <tr
                    class="MuiTableRow-root css-1q1u3t4-MuiTableRow-root"
                  >
                    <td
                      class="MuiTableCell-root MuiTableCell-body MuiTableCell-sizeMedium css-1ex1afd-MuiTableCell-root"
                    >
                      <p
                        class="MuiTypography-root MuiTypography-body1 css-ahj2mt-MuiTypography-root"
                      />
                    </td>
                    <td
                      class="MuiTableCell-root MuiTableCell-body MuiTableCell-sizeMedium css-1ex1afd-MuiTableCell-root"
                    >
                      bbb
                    </td>
                    <td
                      class="MuiTableCell-root MuiTableCell-body MuiTableCell-sizeMedium css-1ex1afd-MuiTableCell-root"
                    >
                      bbb
                    </td>
                  </tr>
                </tbody>
              </table>
            </td>
            <td
              class="MuiTableCell-root MuiTableCell-body MuiTableCell-sizeMedium css-1ex1afd-MuiTableCell-root"
            >
              2022-01-01 00:00:00
            </td>
          </tr>
        </tbody>
      </table>
    </div>
  </div>,
  "debug": [Function],
  "findAllByAltText": [Function],
  "findAllByDisplayValue": [Function],
  "findAllByLabelText": [Function],
  "findAllByPlaceholderText": [Function],
  "findAllByRole": [Function],
  "findAllByTestId": [Function],
  "findAllByText": [Function],
  "findAllByTitle": [Function],
  "findByAltText": [Function],
  "findByDisplayValue": [Function],
  "findByLabelText": [Function],
  "findByPlaceholderText": [Function],
  "findByRole": [Function],
  "findByTestId": [Function],
  "findByText": [Function],
  "findByTitle": [Function],
  "getAllByAltText": [Function],
  "getAllByDisplayValue": [Function],
  "getAllByLabelText": [Function],
  "getAllByPlaceholderText": [Function],
  "getAllByRole": [Function],
  "getAllByTestId": [Function],
  "getAllByText": [Function],
  "getAllByTitle": [Function],
  "getByAltText": [Function],
  "getByDisplayValue": [Function],
  "getByLabelText": [Function],
  "getByPlaceholderText": [Function],
  "getByRole": [Function],
  "getByTestId": [Function],
  "getByText": [Function],
  "getByTitle": [Function],
  "queryAllByAltText": [Function],
  "queryAllByDisplayValue": [Function],
  "queryAllByLabelText": [Function],
  "queryAllByPlaceholderText": [Function],
  "queryAllByRole": [Function],
  "queryAllByTestId": [Function],
  "queryAllByText": [Function],
  "queryAllByTitle": [Function],
  "queryByAltText": [Function],
  "queryByDisplayValue": [Function],
  "queryByLabelText": [Function],
  "queryByPlaceholderText": [Function],
  "queryByRole": [Function],
  "queryByTestId": [Function],
  "queryByText": [Function],
  "queryByTitle": [Function],
  "rerender": [Function],
  "unmount": [Function],
}
`;
